{
  "aio": {
    "uncompressed": {
      "runtime": 4252,
      "main": 525680,
      "polyfills": 33862,
      "styles": 60209,
      "light-theme": 31691,
      "dark-theme": 31875
    }
  },
  "aio-local": {
    "uncompressed": {
      "runtime": 4252,
      "main": 531485,
      "polyfills": 33862,
      "styles": 60209,
      "light-theme": 31691,
      "dark-theme": 31875
    }
  }
}
